// Jest Snapshot v1, https://goo.gl/fbAQLP

exports[`Winner should render winner correctly 1`] = `
ShallowWrapper {
  "length": 1,
  Symbol(enzyme.__root__): [Circular],
  Symbol(enzyme.__unrendered__): <Winner
    winner="option1"
/>,
  Symbol(enzyme.__renderer__): Object {
    "batchedUpdates": [Function],
    "getNode": [Function],
    "render": [Function],
    "simulateEvent": [Function],
    "unmount": [Function],
  },
  Symbol(enzyme.__node__): Object {
    "instance": null,
    "key": undefined,
    "nodeType": "host",
    "props": Object {
      "children": Array [
        "Winner is ",
        "option1",
        "!",
      ],
      "className": "winner",
    },
    "ref": null,
    "rendered": Array [
      "Winner is ",
      "option1",
      "!",
    ],
    "type": "div",
  },
  Symbol(enzyme.__nodes__): Array [
    Object {
      "instance": null,
      "key": undefined,
      "nodeType": "host",
      "props": Object {
        "children": Array [
          "Winner is ",
          "option1",
          "!",
        ],
        "className": "winner",
      },
      "ref": null,
      "rendered": Array [
        "Winner is ",
        "option1",
        "!",
      ],
      "type": "div",
    },
  ],
  Symbol(enzyme.__options__): Object {
    "adapter": ReactSixteenAdapter {
      "options": Object {
        "enableComponentDidUpdateOnSetState": true,
      },
    },
  },
}
`;
